TAP version 13
ok 1 - Icecave\Flax\HessianClientTest::testPlaceHolder
ok 2 - Icecave\Flax\Wire\ProtocolEncoderTest::testEncodeVersion
ok 3 - Icecave\Flax\Wire\ProtocolEncoderTest::testEncodeCall
ok 4 - Icecave\Flax\Wire\UtilityTest::testIsBigEndian
ok 5 - Icecave\Flax\Wire\UtilityTest::testConvertEndianess
ok 6 - Icecave\Flax\Wire\UtilityTest::testPackInt64
ok 7 - Icecave\Flax\Wire\UtilityTest::testUnpackInt64
ok 8 - Icecave\Flax\Wire\ValueDecoderTest::testDecode with data set "null" ('N', NULL)
ok 9 - Icecave\Flax\Wire\ValueDecoderTest::testDecode with data set "boolean - true" ('T', true)
ok 10 - Icecave\Flax\Wire\ValueDecoderTest::testDecode with data set "boolean - false" ('F', false)
ok 11 - Icecave\Flax\Wire\ValueDecoderTest::testDecode with data set "string - empty" ('' . "\0" . '', '')
ok 12 - Icecave\Flax\Wire\ValueDecoderTest::testDecode with data set "string - hello" ('hello', 'hello')
ok 13 - Icecave\Flax\Wire\ValueDecoderTest::testDecode with data set "string - unicode" ('√É', '√É')
ok 14 - Icecave\Flax\Wire\ValueDecoderTest::testDecode with data set "double - 1 octet zero" ('[', 0)
ok 15 - Icecave\Flax\Wire\ValueDecoderTest::testDecode with data set "double - 1 octet one" ('\\', 1)
ok 16 - Icecave\Flax\Wire\ValueDecoderTest::testDecode with data set "double - 2 octet min" (']Ä', -128)
ok 17 - Icecave\Flax\Wire\ValueDecoderTest::testDecode with data set "double - 2 octet max" (']', 127)
ok 18 - Icecave\Flax\Wire\ValueDecoderTest::testDecode with data set "double - 2 octet midway 1" (']ˆ', -10)
ok 19 - Icecave\Flax\Wire\ValueDecoderTest::testDecode with data set "double - 2 octet midway 2" (']', 12)
ok 20 - Icecave\Flax\Wire\ValueDecoderTest::testDecode with data set "double - 3 octet min" ('^Ä' . "\0" . '', -32768)
ok 21 - Icecave\Flax\Wire\ValueDecoderTest::testDecode with data set "double - 3 octet max" ('^ˇ', 32767)
ok 22 - Icecave\Flax\Wire\ValueDecoderTest::testDecode with data set "double - 3 octet midway" ('^¸', -1000)
ok 23 - Icecave\Flax\Wire\ValueDecoderTest::testDecode with data set "double - 4 octet float" ('_AD' . "\0" . '' . "\0" . '', 12.25)
ok 24 - Icecave\Flax\Wire\ValueDecoderTest::testDecode with data set "double - 4 octet float (whole)" ('_G/»' . "\0" . '', 45000)
ok 25 - Icecave\Flax\Wire\ValueDecoderTest::testDecode with data set "double - 8 octet" ('D@(Ä°æ+IZ', 12.251234)
ok 26 - Icecave\Flax\Wire\ValueDecoderTest::testDecode with data set "integer - 1 octet zero" ('ê', 0)
ok 27 - Icecave\Flax\Wire\ValueDecoderTest::testDecode with data set "integer - 1 octet min" ('Ä', -16)
ok 28 - Icecave\Flax\Wire\ValueDecoderTest::testDecode with data set "integer - 1 octet max" ('ø', 47)
ok 29 - Icecave\Flax\Wire\ValueDecoderTest::testDecode with data set "integer - 1 octet midway" ('à', -8)
ok 30 - Icecave\Flax\Wire\ValueDecoderTest::testDecode with data set "integer - 2 octet min" ('¿' . "\0" . '', -2048)
ok 31 - Icecave\Flax\Wire\ValueDecoderTest::testDecode with data set "integer - 2 octet max" ('œˇ', 2047)
ok 32 - Icecave\Flax\Wire\ValueDecoderTest::testDecode with data set "integer - 2 octet midway" ('«' . "\0" . '', -256)
ok 33 - Icecave\Flax\Wire\ValueDecoderTest::testDecode with data set "integer - 3 octet min" ('–' . "\0" . '' . "\0" . '', -262144)
ok 34 - Icecave\Flax\Wire\ValueDecoderTest::testDecode with data set "integer - 3 octet max" ('◊ˇˇ', 262143)
ok 35 - Icecave\Flax\Wire\ValueDecoderTest::testDecode with data set "integer - 3 octet midway" ('”`', -4000)
ok 36 - Icecave\Flax\Wire\ValueDecoderTest::testDecode with data set "integer - 4 octet" ('I 0@', 270544960)
ok 37 - Icecave\Flax\Wire\ValueDecoderTest::testDecode with data set "long - 1 octet zero" ('‡', 0)
ok 38 - Icecave\Flax\Wire\ValueDecoderTest::testDecode with data set "long - 1 octet min" ('ÿ', -8)
ok 39 - Icecave\Flax\Wire\ValueDecoderTest::testDecode with data set "long - 1 octet max" ('Ô', 15)
ok 40 - Icecave\Flax\Wire\ValueDecoderTest::testDecode with data set "long - 1 octet midway" ('‹', -4)
ok 41 - Icecave\Flax\Wire\ValueDecoderTest::testDecode with data set "long - 2 octet min" ('' . "\0" . '', -2048)
ok 42 - Icecave\Flax\Wire\ValueDecoderTest::testDecode with data set "long - 2 octet max" ('ˇˇ', 2047)
ok 43 - Icecave\Flax\Wire\ValueDecoderTest::testDecode with data set "long - 2 octet midway" ('˜' . "\0" . '', -256)
ok 44 - Icecave\Flax\Wire\ValueDecoderTest::testDecode with data set "long - 3 octet min" ('8' . "\0" . '' . "\0" . '', -262144)
ok 45 - Icecave\Flax\Wire\ValueDecoderTest::testDecode with data set "long - 3 octet max" ('?ˇˇ', 262143)
ok 46 - Icecave\Flax\Wire\ValueDecoderTest::testDecode with data set "long - 3 octet midway" (';`', -4000)
ok 47 - Icecave\Flax\Wire\ValueDecoderTest::testDecode with data set "long - 4 octet" ('Y 0@', 270544960)
ok 48 - Icecave\Flax\Wire\ValueDecoderTest::testDecode with data set "long - 8 octet" ('L 0@P`pÄ', 1161981756646125696)
ok 49 - Icecave\Flax\Wire\ValueDecoderTest::testDecode with data set "timestamp - milliseconds" ('J' . "\0" . '' . "\0" . '' . "\0" . '–KíÑ∏', 1998-05-08T09:51:31+00:00)
ok 50 - Icecave\Flax\Wire\ValueDecoderTest::testDecode with data set "timestamp - minutes" ('K' . "\0" . '„Éè', 1998-05-08T09:51:00+00:00)
ok 51 - Icecave\Flax\Wire\ValueEncoderTest::testEncode with data set "null" (NULL, 'N')
ok 52 - Icecave\Flax\Wire\ValueEncoderTest::testEncode with data set "boolean - true" (true, 'T')
ok 53 - Icecave\Flax\Wire\ValueEncoderTest::testEncode with data set "boolean - false" (false, 'F')
ok 54 - Icecave\Flax\Wire\ValueEncoderTest::testEncode with data set "string" ('', '' . "\0" . '')
ok 55 - Icecave\Flax\Wire\ValueEncoderTest::testEncode with data set "string - hello" ('hello', 'hello')
ok 56 - Icecave\Flax\Wire\ValueEncoderTest::testEncode with data set "string - unicode" ('√É', '√É')
ok 57 - Icecave\Flax\Wire\ValueEncoderTest::testEncode with data set "double - 1 octet zero" (0, '[')
ok 58 - Icecave\Flax\Wire\ValueEncoderTest::testEncode with data set "double - 1 octet one" (1, '\\')
ok 59 - Icecave\Flax\Wire\ValueEncoderTest::testEncode with data set "double - 2 octet min" (-128, ']Ä')
ok 60 - Icecave\Flax\Wire\ValueEncoderTest::testEncode with data set "double - 2 octet max" (127, ']')
ok 61 - Icecave\Flax\Wire\ValueEncoderTest::testEncode with data set "double - 2 octet midway 1" (-10, ']ˆ')
ok 62 - Icecave\Flax\Wire\ValueEncoderTest::testEncode with data set "double - 2 octet midway 2" (12, ']')
ok 63 - Icecave\Flax\Wire\ValueEncoderTest::testEncode with data set "double - 3 octet min" (-32768, '^Ä' . "\0" . '')
ok 64 - Icecave\Flax\Wire\ValueEncoderTest::testEncode with data set "double - 3 octet max" (32767, '^ˇ')
ok 65 - Icecave\Flax\Wire\ValueEncoderTest::testEncode with data set "double - 3 octet midway" (-1000, '^¸')
ok 66 - Icecave\Flax\Wire\ValueEncoderTest::testEncode with data set "double - 4 octet float" (12.25, '_AD' . "\0" . '' . "\0" . '')
ok 67 - Icecave\Flax\Wire\ValueEncoderTest::testEncode with data set "double - 4 octet float (whole)" (45000, '_G/»' . "\0" . '')
ok 68 - Icecave\Flax\Wire\ValueEncoderTest::testEncode with data set "double - 8 octet" (12.251234, 'D@(Ä°æ+IZ')
ok 69 - Icecave\Flax\Wire\ValueEncoderTest::testEncode with data set "integer - 1 octet zero" (0, 'ê')
ok 70 - Icecave\Flax\Wire\ValueEncoderTest::testEncode with data set "integer - 1 octet min" (-16, 'Ä')
ok 71 - Icecave\Flax\Wire\ValueEncoderTest::testEncode with data set "integer - 1 octet max" (47, 'ø')
ok 72 - Icecave\Flax\Wire\ValueEncoderTest::testEncode with data set "integer - 1 octet midway" (-8, 'à')
ok 73 - Icecave\Flax\Wire\ValueEncoderTest::testEncode with data set "integer - 2 octet min" (-2048, '¿' . "\0" . '')
ok 74 - Icecave\Flax\Wire\ValueEncoderTest::testEncode with data set "integer - 2 octet max" (2047, 'œˇ')
ok 75 - Icecave\Flax\Wire\ValueEncoderTest::testEncode with data set "integer - 2 octet midway" (-256, '«' . "\0" . '')
ok 76 - Icecave\Flax\Wire\ValueEncoderTest::testEncode with data set "integer - 3 octet min" (-262144, '–' . "\0" . '' . "\0" . '')
ok 77 - Icecave\Flax\Wire\ValueEncoderTest::testEncode with data set "integer - 3 octet max" (262143, '◊ˇˇ')
ok 78 - Icecave\Flax\Wire\ValueEncoderTest::testEncode with data set "integer - 3 octet midway" (-4000, '”`')
ok 79 - Icecave\Flax\Wire\ValueEncoderTest::testEncode with data set "integer - 4 octet" (270544960, 'I 0@')
ok 80 - Icecave\Flax\Wire\ValueEncoderTest::testEncode with data set "array - empty" (array(), 'WZ')
ok 81 - Icecave\Flax\Wire\ValueEncoderTest::testEncode with data set "array - small" (array(1, 2, 3), '{ëíì')
ok 82 - Icecave\Flax\Wire\ValueEncoderTest::testEncode with data set "array - longer" (array(1, 2, 3, 4, 5, 6, 7, 8), 'Xòëíìîïñóò')
ok 83 - Icecave\Flax\Wire\ValueEncoderTest::testEncode with data set "array - map" (array(1, 2), 'HöëüíZ')
ok 84 - Icecave\Flax\Wire\ValueEncoderTest::testEncode with data set "object - empty" (stdClass, 'CstdClassê`')
ok 85 - Icecave\Flax\Wire\ValueEncoderTest::testEncode with data set "object - simple" (stdClass, 'CstdClassíbarfoo`íë')
ok 86 - Icecave\Flax\Wire\ValueEncoderTest::testEncode with data set "object - datetime" (DateTime, 'J' . "\0" . '' . "\0" . '' . "\0" . '–KíÑ∏')
ok 87 - Icecave\Flax\Wire\ValueEncoderTest::testEncode with data set "object - datetime minutes" (DateTime, 'K' . "\0" . '„Éè')
ok 88 - Icecave\Flax\Wire\ValueEncoderTest::testEncode with data set "object - chrono" (1998-05-08T09:51:31+00:00, 'J' . "\0" . '' . "\0" . '' . "\0" . '–KíÑ∏')
ok 89 - Icecave\Flax\Wire\ValueEncoderTest::testEncode with data set "object - chrono minutes" (1998-05-08T09:51:00+00:00, 'K' . "\0" . '„Éè')
ok 90 - Icecave\Flax\Wire\ValueEncoderTest::testEncode with data set "integer - 8 octet" (1161981756646125696, 'L 0@P`pÄ')
ok 91 - Icecave\Flax\Wire\ValueEncoderTest::testEncodeMediumLengthString
ok 92 - Icecave\Flax\Wire\ValueEncoderTest::testEncodeStringSmallestChunk
ok 93 - Icecave\Flax\Wire\ValueEncoderTest::testEncodeStringWholeChunk
ok 94 - Icecave\Flax\Wire\ValueEncoderTest::testEncodeStringPartialChunk
ok 95 - Icecave\Flax\Wire\ValueEncoderTest::testEncodeStringMultipleChunks
ok 96 - Icecave\Flax\Wire\ValueEncoderTest::testEncodeBinary with data set "binary - empty" ('', ' ')
ok 97 - Icecave\Flax\Wire\ValueEncoderTest::testEncodeBinary with data set "binary - 3 octet" ('', '#')
ok 98 - Icecave\Flax\Wire\ValueEncoderTest::testEncodeMediumLength
ok 99 - Icecave\Flax\Wire\ValueEncoderTest::testEncodeBinarySmallestChunk
ok 100 - Icecave\Flax\Wire\ValueEncoderTest::testEncodeBinaryWholeChunk
ok 101 - Icecave\Flax\Wire\ValueEncoderTest::testEncodeBinaryPartialChunk
ok 102 - Icecave\Flax\Wire\ValueEncoderTest::testEncodeBinaryMultipleChunks
ok 103 - Icecave\Flax\Wire\ValueEncoderTest::testEncodeTimestamp with data set "timestamp - milliseconds" (894621091000, 'J' . "\0" . '' . "\0" . '' . "\0" . '–KíÑ∏')
ok 104 - Icecave\Flax\Wire\ValueEncoderTest::testEncodeTimestamp with data set "timestamp - minutes" (894621060000, 'K' . "\0" . '„Éè')
ok 105 - Icecave\Flax\Wire\ValueEncoderTest::testEncodeMultipleObjects
ok 106 - Icecave\Flax\Wire\ValueEncoderTest::testEncodeMultipleObjectsSingleDefinition
ok 107 - Icecave\Flax\Wire\ValueEncoderTest::testEncodeMultipleObjectsReference
ok 108 - Icecave\Flax\Wire\ValueEncoderTest::testReset
ok 109 - Icecave\Flax\Wire\ValueEncoderTest::testEncodeUnsupportedType
ok 110 - Icecave\Flax\Wire\ValueEncoderTest::testEncodeObjectWithLongFormClassDefinitionId
ok 111 - Icecave\Flax\Wire\ValueEncoderTest::testEncodeUnsupportedObject
1..111
