TAP version 13
ok 1 - Icecave\Flax\Exception\DecodeExceptionTest::testException
ok 2 - Icecave\Flax\Exception\ExceptionExceptionTest::testException
ok 3 - Icecave\Flax\HessianClientTest::testPlaceHolder
ok 4 - Icecave\Flax\Message\EncoderTest::testEncodeVersion
ok 5 - Icecave\Flax\Message\EncoderTest::testEncodeCall
ok 6 - Icecave\Flax\Message\EncoderTest::testReset
ok 7 - Icecave\Flax\Serialization\DecoderTest::testDecode with data set "null" ('N', NULL)
ok 8 - Icecave\Flax\Serialization\DecoderTest::testDecode with data set "boolean - true" ('T', true)
ok 9 - Icecave\Flax\Serialization\DecoderTest::testDecode with data set "boolean - false" ('F', false)
ok 10 - Icecave\Flax\Serialization\DecoderTest::testDecode with data set "string - compact - empty" ('' . "\0" . '', '')
ok 11 - Icecave\Flax\Serialization\DecoderTest::testDecode with data set "string - compact - hello" ('hello', 'hello')
ok 12 - Icecave\Flax\Serialization\DecoderTest::testDecode with data set "string - compact - unicode" ('√É', '√É')
ok 13 - Icecave\Flax\Serialization\DecoderTest::testDecode with data set "integer - 1 octet zero" ('ê', 0)
ok 14 - Icecave\Flax\Serialization\DecoderTest::testDecode with data set "integer - 1 octet min" ('Ä', -16)
ok 15 - Icecave\Flax\Serialization\DecoderTest::testDecode with data set "integer - 1 octet max" ('ø', 47)
ok 16 - Icecave\Flax\Serialization\DecoderTest::testDecode with data set "integer - 1 octet midway" ('à', -8)
ok 17 - Icecave\Flax\Serialization\DecoderTest::testDecode with data set "integer - 2 octet min" ('¿' . "\0" . '', -2048)
ok 18 - Icecave\Flax\Serialization\DecoderTest::testDecode with data set "integer - 2 octet max" ('œˇ', 2047)
ok 19 - Icecave\Flax\Serialization\DecoderTest::testDecode with data set "integer - 2 octet midway" ('«' . "\0" . '', -256)
ok 20 - Icecave\Flax\Serialization\DecoderTest::testDecode with data set "integer - 3 octet min" ('–' . "\0" . '' . "\0" . '', -262144)
ok 21 - Icecave\Flax\Serialization\DecoderTest::testDecode with data set "integer - 3 octet max" ('◊ˇˇ', 262143)
ok 22 - Icecave\Flax\Serialization\DecoderTest::testDecode with data set "integer - 3 octet midway" ('”`', -4000)
ok 23 - Icecave\Flax\Serialization\DecoderTest::testDecode with data set "integer - 4 octet" ('I 0@', 270544960)
ok 24 - Icecave\Flax\Serialization\DecoderTest::testDecode with data set "long - 8 octet" ('L 0@P`pÄ', 1161981756646125696, false)
ok 25 - Icecave\Flax\Serialization\DecoderTest::testDecode with data set "double - 1 octet zero" ('[', 0)
ok 26 - Icecave\Flax\Serialization\DecoderTest::testDecode with data set "double - 1 octet one" ('\\', 1)
ok 27 - Icecave\Flax\Serialization\DecoderTest::testDecode with data set "double - 2 octet min" (']Ä', -128)
ok 28 - Icecave\Flax\Serialization\DecoderTest::testDecode with data set "double - 2 octet max" (']', 127)
ok 29 - Icecave\Flax\Serialization\DecoderTest::testDecode with data set "double - 2 octet midway 1" (']ˆ', -10)
ok 30 - Icecave\Flax\Serialization\DecoderTest::testDecode with data set "double - 2 octet midway 2" (']', 12)
ok 31 - Icecave\Flax\Serialization\DecoderTest::testDecode with data set "double - 3 octet min" ('^Ä' . "\0" . '', -32768)
ok 32 - Icecave\Flax\Serialization\DecoderTest::testDecode with data set "double - 3 octet max" ('^ˇ', 32767)
ok 33 - Icecave\Flax\Serialization\DecoderTest::testDecode with data set "double - 3 octet midway" ('^¸', -1000)
ok 34 - Icecave\Flax\Serialization\DecoderTest::testDecode with data set "double - 4 octet float" ('_AD' . "\0" . '' . "\0" . '', 12.25)
ok 35 - Icecave\Flax\Serialization\DecoderTest::testDecode with data set "double - 4 octet float (whole)" ('_G/»' . "\0" . '', 45000)
ok 36 - Icecave\Flax\Serialization\DecoderTest::testDecode with data set "double - 8 octet" ('D@(Ä°æ+IZ', 12.251234)
ok 37 - Icecave\Flax\Serialization\DecoderTest::testDecode with data set "timestamp - milliseconds" ('J' . "\0" . '' . "\0" . '' . "\0" . '–KíÑ∏', 1998-05-08T09:51:31+00:00)
ok 38 - Icecave\Flax\Serialization\DecoderTest::testDecode with data set "timestamp - minutes" ('K' . "\0" . '„Éè', 1998-05-08T09:51:00+00:00)
ok 39 - Icecave\Flax\Serialization\DecoderTest::testDecode with data set "vector - fixed size - compact - empty" ('x', <Vector 0>)
ok 40 - Icecave\Flax\Serialization\DecoderTest::testDecode with data set "vector - fixed size - compact" ('{ëíì', <Vector 3 [1, 2, 3]>)
ok 41 - Icecave\Flax\Serialization\DecoderTest::testDecode with data set "vector - fixed size - compact - nested" ('z{ëíì{îïñ', <Vector 2 [<Icecave\Collections\Vector "<Vector 3 [1, 2, 3]>" @ 0000000044aa7bc900000000341544b9>, <Icecave\Collections\Vector "<Vector 3 [4, 5, 6]>" @ 0000000044aa7bd700000000341544b9>]>)
ok 42 - Icecave\Flax\Serialization\DecoderTest::testDecode with data set "vector - fixed size" ('Xòëíìîïñóò', <Vector 8 [1, 2, 3, ...]>)
ok 43 - Icecave\Flax\Serialization\DecoderTest::testDecode with data set "vector - fixed size - nested" ('XòXòëíìîïñóòXòëíìîïñóòXòëíìîïñóòXòëíìîïñóòXòëíìîïñóòXòëíìîïñóòXòëíìîïñóòXòëíìîïñóò', <Vector 8 [<Icecave\Collections\Vector "<Vector 8 [1, 2, 3, ...]>" @ 0000000044aa7bd100000000341544b9>, <Icecave\Collections\Vector "<Vector 8 [1, 2, 3, ...]>" @ 0000000044aa7bdf00000000341544b9>, <Icecave\Collections\Vector "<Vector 8 [1, 2, 3, ...]>" @ 0000000044aa7bdd00000000341544b9>, ...]>)
ok 44 - Icecave\Flax\Serialization\DecoderTest::testDecode with data set "map - empty" ('HZ', <Map 0>)
ok 45 - Icecave\Flax\Serialization\DecoderTest::testDecode with data set "map" ('HöëüíZ', <Map 2 [10 => 1, 15 => 2]>)
ok 46 - Icecave\Flax\Serialization\DecoderTest::testDecode with data set "map - nested" ('HëHíìZZ', <Map 1 [1 => <Icecave\Collections\Map "<Map 1 [2 => 3]>" @ 0000000044aa7bf700000000341544b9>]>)
ok 47 - Icecave\Flax\Serialization\DecoderTest::testDecode with data set "object - compact - empty" ('CstdClassê`', stdClass)
ok 48 - Icecave\Flax\Serialization\DecoderTest::testDecode with data set "object - compact" ('CstdClassíbarfoo`íë', stdClass)
ok 49 - Icecave\Flax\Serialization\DecoderTest::testDecode with data set "object - compact - nested" ('CstdClassëchild`CstdClassêa', stdClass)
ok 50 - Icecave\Flax\Serialization\DecoderTest::testDecode with data set "string - empty" ('0' . "\0" . '', '')
ok 51 - Icecave\Flax\Serialization\DecoderTest::testDecode with data set "string - hello" ('0hello', 'hello')
ok 52 - Icecave\Flax\Serialization\DecoderTest::testDecode with data set "string - unicode" ('0√É', '√É')
ok 53 - Icecave\Flax\Serialization\DecoderTest::testDecode with data set "string - chunked - empty" ('S' . "\0" . '' . "\0" . '', '')
ok 54 - Icecave\Flax\Serialization\DecoderTest::testDecode with data set "string - chunked - single" ('S' . "\0" . 'hello', 'hello')
ok 55 - Icecave\Flax\Serialization\DecoderTest::testDecode with data set "string - chunked - multiple" ('R' . "\0" . 'heÃàlloR' . "\0" . ', worldS' . "\0" . '!', 'heÃàllo, world!')
ok 56 - Icecave\Flax\Serialization\DecoderTest::testDecode with data set "binary - compact - empty" (' ', '')
ok 57 - Icecave\Flax\Serialization\DecoderTest::testDecode with data set "binary - compact - hello" ('%hello', 'hello')
ok 58 - Icecave\Flax\Serialization\DecoderTest::testDecode with data set "binary - empty" ('4' . "\0" . '', '')
ok 59 - Icecave\Flax\Serialization\DecoderTest::testDecode with data set "binary - hello" ('4hello', 'hello')
ok 60 - Icecave\Flax\Serialization\DecoderTest::testDecode with data set "binary - chunked - empty" ('B' . "\0" . '' . "\0" . '', '')
ok 61 - Icecave\Flax\Serialization\DecoderTest::testDecode with data set "binary - chunked - single" ('B' . "\0" . 'hello', 'hello')
ok 62 - Icecave\Flax\Serialization\DecoderTest::testDecode with data set "binary - chunked - multiple" ('A' . "\0" . 'helloA' . "\0" . ', worldB' . "\0" . '!', 'hello, world!')
ok 63 - Icecave\Flax\Serialization\DecoderTest::testDecode with data set "long - 1 octet zero" ('‡', 0)
ok 64 - Icecave\Flax\Serialization\DecoderTest::testDecode with data set "long - 1 octet min" ('ÿ', -8)
ok 65 - Icecave\Flax\Serialization\DecoderTest::testDecode with data set "long - 1 octet max" ('Ô', 15)
ok 66 - Icecave\Flax\Serialization\DecoderTest::testDecode with data set "long - 1 octet midway" ('‹', -4)
ok 67 - Icecave\Flax\Serialization\DecoderTest::testDecode with data set "long - 2 octet min" ('' . "\0" . '', -2048)
ok 68 - Icecave\Flax\Serialization\DecoderTest::testDecode with data set "long - 2 octet max" ('ˇˇ', 2047)
ok 69 - Icecave\Flax\Serialization\DecoderTest::testDecode with data set "long - 2 octet midway" ('˜' . "\0" . '', -256)
ok 70 - Icecave\Flax\Serialization\DecoderTest::testDecode with data set "long - 3 octet min" ('8' . "\0" . '' . "\0" . '', -262144)
ok 71 - Icecave\Flax\Serialization\DecoderTest::testDecode with data set "long - 3 octet max" ('?ˇˇ', 262143)
ok 72 - Icecave\Flax\Serialization\DecoderTest::testDecode with data set "long - 3 octet midway" (';`', -4000)
ok 73 - Icecave\Flax\Serialization\DecoderTest::testDecode with data set "long - 4 octet" ('Y 0@', 270544960)
ok 74 - Icecave\Flax\Serialization\DecoderTest::testDecode with data set "vector - fixed size - empty" ('Xê', <Vector 0>)
ok 75 - Icecave\Flax\Serialization\DecoderTest::testDecode with data set "vector - empty" ('WZ', <Vector 0>)
ok 76 - Icecave\Flax\Serialization\DecoderTest::testDecode with data set "vector" ('WëíìZ', <Vector 3 [1, 2, 3]>)
ok 77 - Icecave\Flax\Serialization\DecoderTest::testDecode with data set "vector - nested" ('WWëíìZWîïñZZ', <Vector 2 [<Icecave\Collections\Vector "<Vector 3 [1, 2, 3]>" @ 0000000044aa787500000000341544b9>, <Icecave\Collections\Vector "<Vector 3 [4, 5, 6]>" @ 0000000044aa787300000000341544b9>]>)
ok 78 - Icecave\Flax\Serialization\DecoderTest::testDecode with data set "vector - typed + fixed size - compact - empty" ('p???', <Vector 0>)
ok 79 - Icecave\Flax\Serialization\DecoderTest::testDecode with data set "vector - typed + fixed size - compact" ('s???ëíì', <Vector 3 [1, 2, 3]>)
ok 80 - Icecave\Flax\Serialization\DecoderTest::testDecode with data set "vector - typed + fixed size - compact - nested" ('r???s???ëíìs???îïñ', <Vector 2 [<Icecave\Collections\Vector "<Vector 3 [1, 2, 3]>" @ 0000000044aa787b00000000341544b9>, <Icecave\Collections\Vector "<Vector 3 [4, 5, 6]>" @ 0000000044aa787900000000341544b9>]>)
ok 81 - Icecave\Flax\Serialization\DecoderTest::testDecode with data set "vector - typed + fixed size - empty" ('V???ê', <Vector 0>)
ok 82 - Icecave\Flax\Serialization\DecoderTest::testDecode with data set "vector - typed + fixed size" ('V???ìëíì', <Vector 3 [1, 2, 3]>)
ok 83 - Icecave\Flax\Serialization\DecoderTest::testDecode with data set "vector - typed + fixed size - nested" ('V???íV???ìëíìV???ìîïñ', <Vector 2 [<Icecave\Collections\Vector "<Vector 3 [1, 2, 3]>" @ 0000000044aa7b8100000000341544b9>, <Icecave\Collections\Vector "<Vector 3 [4, 5, 6]>" @ 0000000044aa7b8f00000000341544b9>]>)
ok 84 - Icecave\Flax\Serialization\DecoderTest::testDecode with data set "vector - typed - empty" ('U???Z', <Vector 0>)
ok 85 - Icecave\Flax\Serialization\DecoderTest::testDecode with data set "vector - typed" ('U???ëíìZ', <Vector 3 [1, 2, 3]>)
ok 86 - Icecave\Flax\Serialization\DecoderTest::testDecode with data set "vector - typed - integer type" ('UêëíìZ', <Vector 3 [1, 2, 3]>)
ok 87 - Icecave\Flax\Serialization\DecoderTest::testDecode with data set "vector - typed - nested" ('U???U???ëíìZU???îïñZZ', <Vector 2 [<Icecave\Collections\Vector "<Vector 3 [1, 2, 3]>" @ 0000000044aa7b9500000000341544b9>, <Icecave\Collections\Vector "<Vector 3 [4, 5, 6]>" @ 0000000044aa7b9300000000341544b9>]>)
ok 88 - Icecave\Flax\Serialization\DecoderTest::testDecode with data set "map - typed - empty" ('M???Z', <Map 0>)
ok 89 - Icecave\Flax\Serialization\DecoderTest::testDecode with data set "map - typed" ('M???öëüíZ', <Map 2 [10 => 1, 15 => 2]>)
ok 90 - Icecave\Flax\Serialization\DecoderTest::testDecode with data set "map - typed - integer type" ('MëöëüíZ', <Map 2 [10 => 1, 15 => 2]>)
ok 91 - Icecave\Flax\Serialization\DecoderTest::testDecode with data set "map - typed - nested" ('M???ëM???íëZZ', <Map 1 [1 => <Icecave\Collections\Map "<Map 1 [2 => 3]>" @ 0000000044aa7bb700000000341544b9>]>)
ok 92 - Icecave\Flax\Serialization\DecoderTest::testDecode with data set "object - empty" ('CstdClassêOê', stdClass)
ok 93 - Icecave\Flax\Serialization\DecoderTest::testDecode with data set "object" ('CstdClassíbarfooOêíë', stdClass)
ok 94 - Icecave\Flax\Serialization\DecoderTest::testDecode with data set "object - nested" ('CstdClassëchildOêCstdClassêOë', stdClass)
ok 95 - Icecave\Flax\Serialization\DecoderTest::testDecodeWithReference
ok 96 - Icecave\Flax\Serialization\DecoderTest::testFinalizedFailure
ok 97 - Icecave\Flax\Serialization\DecoderTest::testFeedFailureReservedByte
ok 98 - Icecave\Flax\Serialization\DecoderTest::testFeedFailureWithInvalidCollectionType
ok 99 - Icecave\Flax\Serialization\DecoderTest::testFeedFailureWithInvalidStringContinuation
ok 100 - Icecave\Flax\Serialization\DecoderTest::testFeedFailureWithInvalidBinaryContinuation
ok 101 - Icecave\Flax\Serialization\DecoderTest::testFeedFailureWithInvalidVectorSize
ok 102 - Icecave\Flax\Serialization\DecoderTest::testFeedFailureWithInvalidReference
ok 103 - Icecave\Flax\Serialization\DecoderTest::testFeedFailureWithInvalidClassDefinitionName
ok 104 - Icecave\Flax\Serialization\DecoderTest::testFeedFailureWithInvalidClassDefinitionSize
ok 105 - Icecave\Flax\Serialization\DecoderTest::testFeedFailureWithInvalidClassDefinitionField
ok 106 - Icecave\Flax\Serialization\DecoderTest::testFeedFailureWithInvalidObjectInstanceType
ok 107 - Icecave\Flax\Serialization\ValueEncoderTest::testEncode with data set "null" ('N', NULL)
ok 108 - Icecave\Flax\Serialization\ValueEncoderTest::testEncode with data set "boolean - true" ('T', true)
ok 109 - Icecave\Flax\Serialization\ValueEncoderTest::testEncode with data set "boolean - false" ('F', false)
ok 110 - Icecave\Flax\Serialization\ValueEncoderTest::testEncode with data set "string - compact - empty" ('' . "\0" . '', '')
ok 111 - Icecave\Flax\Serialization\ValueEncoderTest::testEncode with data set "string - compact - hello" ('hello', 'hello')
ok 112 - Icecave\Flax\Serialization\ValueEncoderTest::testEncode with data set "string - compact - unicode" ('√É', '√É')
ok 113 - Icecave\Flax\Serialization\ValueEncoderTest::testEncode with data set "integer - 1 octet zero" ('ê', 0)
ok 114 - Icecave\Flax\Serialization\ValueEncoderTest::testEncode with data set "integer - 1 octet min" ('Ä', -16)
ok 115 - Icecave\Flax\Serialization\ValueEncoderTest::testEncode with data set "integer - 1 octet max" ('ø', 47)
ok 116 - Icecave\Flax\Serialization\ValueEncoderTest::testEncode with data set "integer - 1 octet midway" ('à', -8)
ok 117 - Icecave\Flax\Serialization\ValueEncoderTest::testEncode with data set "integer - 2 octet min" ('¿' . "\0" . '', -2048)
ok 118 - Icecave\Flax\Serialization\ValueEncoderTest::testEncode with data set "integer - 2 octet max" ('œˇ', 2047)
ok 119 - Icecave\Flax\Serialization\ValueEncoderTest::testEncode with data set "integer - 2 octet midway" ('«' . "\0" . '', -256)
ok 120 - Icecave\Flax\Serialization\ValueEncoderTest::testEncode with data set "integer - 3 octet min" ('–' . "\0" . '' . "\0" . '', -262144)
ok 121 - Icecave\Flax\Serialization\ValueEncoderTest::testEncode with data set "integer - 3 octet max" ('◊ˇˇ', 262143)
ok 122 - Icecave\Flax\Serialization\ValueEncoderTest::testEncode with data set "integer - 3 octet midway" ('”`', -4000)
ok 123 - Icecave\Flax\Serialization\ValueEncoderTest::testEncode with data set "integer - 4 octet" ('I 0@', 270544960)
ok 124 - Icecave\Flax\Serialization\ValueEncoderTest::testEncode with data set "long - 8 octet" ('L 0@P`pÄ', 1161981756646125696, false)
ok 125 - Icecave\Flax\Serialization\ValueEncoderTest::testEncode with data set "double - 1 octet zero" ('[', 0)
ok 126 - Icecave\Flax\Serialization\ValueEncoderTest::testEncode with data set "double - 1 octet one" ('\\', 1)
ok 127 - Icecave\Flax\Serialization\ValueEncoderTest::testEncode with data set "double - 2 octet min" (']Ä', -128)
ok 128 - Icecave\Flax\Serialization\ValueEncoderTest::testEncode with data set "double - 2 octet max" (']', 127)
ok 129 - Icecave\Flax\Serialization\ValueEncoderTest::testEncode with data set "double - 2 octet midway 1" (']ˆ', -10)
ok 130 - Icecave\Flax\Serialization\ValueEncoderTest::testEncode with data set "double - 2 octet midway 2" (']', 12)
ok 131 - Icecave\Flax\Serialization\ValueEncoderTest::testEncode with data set "double - 3 octet min" ('^Ä' . "\0" . '', -32768)
ok 132 - Icecave\Flax\Serialization\ValueEncoderTest::testEncode with data set "double - 3 octet max" ('^ˇ', 32767)
ok 133 - Icecave\Flax\Serialization\ValueEncoderTest::testEncode with data set "double - 3 octet midway" ('^¸', -1000)
ok 134 - Icecave\Flax\Serialization\ValueEncoderTest::testEncode with data set "double - 4 octet float" ('_AD' . "\0" . '' . "\0" . '', 12.25)
ok 135 - Icecave\Flax\Serialization\ValueEncoderTest::testEncode with data set "double - 4 octet float (whole)" ('_G/»' . "\0" . '', 45000)
ok 136 - Icecave\Flax\Serialization\ValueEncoderTest::testEncode with data set "double - 8 octet" ('D@(Ä°æ+IZ', 12.251234)
ok 137 - Icecave\Flax\Serialization\ValueEncoderTest::testEncode with data set "timestamp - milliseconds" ('J' . "\0" . '' . "\0" . '' . "\0" . '–KíÑ∏', 1998-05-08T09:51:31+00:00)
ok 138 - Icecave\Flax\Serialization\ValueEncoderTest::testEncode with data set "timestamp - minutes" ('K' . "\0" . '„Éè', 1998-05-08T09:51:00+00:00)
ok 139 - Icecave\Flax\Serialization\ValueEncoderTest::testEncode with data set "vector - fixed size - compact - empty" ('x', <Vector 0>)
ok 140 - Icecave\Flax\Serialization\ValueEncoderTest::testEncode with data set "vector - fixed size - compact" ('{ëíì', <Vector 3 [1, 2, 3]>)
ok 141 - Icecave\Flax\Serialization\ValueEncoderTest::testEncode with data set "vector - fixed size - compact - nested" ('z{ëíì{îïñ', <Vector 2 [<Icecave\Collections\Vector "<Vector 3 [1, 2, 3]>" @ 0000000044aa7b7c00000000341544b9>, <Icecave\Collections\Vector "<Vector 3 [4, 5, 6]>" @ 0000000044aa7b7a00000000341544b9>]>)
ok 142 - Icecave\Flax\Serialization\ValueEncoderTest::testEncode with data set "vector - fixed size" ('Xòëíìîïñóò', <Vector 8 [1, 2, 3, ...]>)
ok 143 - Icecave\Flax\Serialization\ValueEncoderTest::testEncode with data set "vector - fixed size - nested" ('XòXòëíìîïñóòXòëíìîïñóòXòëíìîïñóòXòëíìîïñóòXòëíìîïñóòXòëíìîïñóòXòëíìîïñóòXòëíìîïñóò', <Vector 8 [<Icecave\Collections\Vector "<Vector 8 [1, 2, 3, ...]>" @ 0000000044aa7a8400000000341544b9>, <Icecave\Collections\Vector "<Vector 8 [1, 2, 3, ...]>" @ 0000000044aa7a8200000000341544b9>, <Icecave\Collections\Vector "<Vector 8 [1, 2, 3, ...]>" @ 0000000044aa7a8000000000341544b9>, ...]>)
ok 144 - Icecave\Flax\Serialization\ValueEncoderTest::testEncode with data set "map - empty" ('HZ', <Map 0>)
ok 145 - Icecave\Flax\Serialization\ValueEncoderTest::testEncode with data set "map" ('HöëüíZ', <Map 2 [10 => 1, 15 => 2]>)
ok 146 - Icecave\Flax\Serialization\ValueEncoderTest::testEncode with data set "map - nested" ('HëHíìZZ', <Map 1 [1 => <Icecave\Collections\Map "<Map 1 [2 => 3]>" @ 0000000044aa7a9a00000000341544b9>]>)
ok 147 - Icecave\Flax\Serialization\ValueEncoderTest::testEncode with data set "object - compact - empty" ('CstdClassê`', stdClass)
ok 148 - Icecave\Flax\Serialization\ValueEncoderTest::testEncode with data set "object - compact" ('CstdClassíbarfoo`íë', stdClass)
ok 149 - Icecave\Flax\Serialization\ValueEncoderTest::testEncode with data set "object - compact - nested" ('CstdClassëchild`CstdClassêa', stdClass)
ok 150 - Icecave\Flax\Serialization\ValueEncoderTest::testEncode with data set "timestamp - native datetime - milliseconds" ('J' . "\0" . '' . "\0" . '' . "\0" . '–KíÑ∏', DateTime)
ok 151 - Icecave\Flax\Serialization\ValueEncoderTest::testEncode with data set "timestamp - native datetime - minutes" ('K' . "\0" . '„Éè', DateTime)
ok 152 - Icecave\Flax\Serialization\ValueEncoderTest::testEncode with data set "array - compact - empty" ('x', array())
ok 153 - Icecave\Flax\Serialization\ValueEncoderTest::testEncode with data set "array - compact" ('{ëíì', array(1, 2, 3))
ok 154 - Icecave\Flax\Serialization\ValueEncoderTest::testEncode with data set "array" ('Xòëíìîïñóò', array(1, 2, 3, 4, 5, 6, 7, 8))
ok 155 - Icecave\Flax\Serialization\ValueEncoderTest::testEncode with data set "array - map" ('HöëüíZ', array(1, 2))
ok 156 - Icecave\Flax\Serialization\ValueEncoderTest::testEncodeStringMediumLength
ok 157 - Icecave\Flax\Serialization\ValueEncoderTest::testEncodeStringSmallestChunk
ok 158 - Icecave\Flax\Serialization\ValueEncoderTest::testEncodeStringWholeChunk
ok 159 - Icecave\Flax\Serialization\ValueEncoderTest::testEncodeStringPartialChunk
ok 160 - Icecave\Flax\Serialization\ValueEncoderTest::testEncodeStringMultipleChunks
ok 161 - Icecave\Flax\Serialization\ValueEncoderTest::testEncodeBinary with data set "binary - compact - empty" (' ', '')
ok 162 - Icecave\Flax\Serialization\ValueEncoderTest::testEncodeBinary with data set "binary - compact - hello" ('%hello', 'hello')
ok 163 - Icecave\Flax\Serialization\ValueEncoderTest::testEncodeBinaryMediumLength
ok 164 - Icecave\Flax\Serialization\ValueEncoderTest::testEncodeBinarySmallestChunk
ok 165 - Icecave\Flax\Serialization\ValueEncoderTest::testEncodeBinaryWholeChunk
ok 166 - Icecave\Flax\Serialization\ValueEncoderTest::testEncodeBinaryPartialChunk
ok 167 - Icecave\Flax\Serialization\ValueEncoderTest::testEncodeBinaryMultipleChunks
ok 168 - Icecave\Flax\Serialization\ValueEncoderTest::testEncodeTimestamp with data set "timestamp - milliseconds" ('J' . "\0" . '' . "\0" . '' . "\0" . '–KíÑ∏', 894621091000)
ok 169 - Icecave\Flax\Serialization\ValueEncoderTest::testEncodeTimestamp with data set "timestamp - minutes" ('K' . "\0" . '„Éè', 894621060000)
ok 170 - Icecave\Flax\Serialization\ValueEncoderTest::testEncodeMultipleObjects
ok 171 - Icecave\Flax\Serialization\ValueEncoderTest::testEncodeMultipleObjectsSingleDefinition
ok 172 - Icecave\Flax\Serialization\ValueEncoderTest::testEncodeMultipleObjectsReference
ok 173 - Icecave\Flax\Serialization\ValueEncoderTest::testEncodeArrayIncreasesReferenceId
ok 174 - Icecave\Flax\Serialization\ValueEncoderTest::testEncodeObjectWithLongFormClassDefinitionId
ok 175 - Icecave\Flax\Serialization\ValueEncoderTest::testEncodeUnsupportedObject
ok 176 - Icecave\Flax\Serialization\ValueEncoderTest::testReset
ok 177 - Icecave\Flax\Serialization\ValueEncoderTest::testEncodeUnsupportedType
ok 178 - Icecave\Flax\Serialization\UtilityTest::testIsBigEndian
ok 179 - Icecave\Flax\Serialization\UtilityTest::testConvertEndianess
ok 180 - Icecave\Flax\Serialization\UtilityTest::testPackInt64
ok 181 - Icecave\Flax\Serialization\UtilityTest::testUnpackInt64
ok 182 - Icecave\Flax\Serialization\UtilityTest::testByteToUnsigned
ok 183 - Icecave\Flax\Serialization\UtilityTest::testByteToSigned
1..183
